{"2020-10-31": [41.886, 39.348, 39.744, 39.204, 39.798, 38.916, 37.656, 39.672, 38.358, 38.16, 40.068, 39.006, 38.61, 32.814, 33.228, 30.798, 31.068, 32.364, 34.074, 31.824, 32.706, 32.256, 32.904, 33.444, 31.788, 31.536, 31.914, 31.878, 32.13, 34.974, 36.414, 38.934, 39.402, 34.812, 33.552, 34.236, 35.766, 40.194, 38.592, 38.142, 41.688, 43.56, 43.65, 45.882, 45.504, 47.718, 47.898, 47.808, 49.284, 46.89, 48.546, 47.43, 48.42, 41.256, 39.762, 40.536, 40.266, 40.032, 36.234, 36.36, 37.062, 36.486, 37.458, 41.958, 40.446, 40.176, 38.574, 38.052, 36.324, 32.958, 34.326, 34.812, 36.288, 36.648, 36.81, 34.74, 36.882, 33.678, 35.694, 33.336, 33.894, 34.56, 32.976, 40.122, 34.47, 33.75, 37.17, 33.516, 36.162, 35.838, 33.12, 34.83, 32.994, 37.656, 37.944, 32.544], "2020-11-01": [33.696, 33.444, 35.172, 38.862, 35.451, 35.955, 35.784, 35.991, 32.904, 32.274, 31.104, 32.742, 33.102, 34.866, 37.008, 39.312, 37.89, 37.386, 36.9, 32.274, 38.052, 38.556, 39.6, 36.306, 32.886, 32.94, 29.826, 31.626, 31.356, 29.844, 32.184, 33.732, 34.632, 39.708, 33.3, 33.408, 33.786, 34.236, 37.458, 35.064, 34.47, 34.38, 34.308, 35.442, 34.038, 34.614, 36.972, 37.278, 37.386, 37.368, 37.944, 38.124, 38.178, 35.856, 39.96, 40.716, 38.88, 39.15, 39.276, 37.242, 39.114, 40.644, 38.988, 38.916, 39.834, 38.232, 37.764, 38.502, 34.74, 34.344, 35.334, 35.712, 35.766, 36.342, 35.55, 35.748, 35.442, 34.686, 36.774, 34.038, 33.876, 34.47, 34.542, 37.134, 32.562, 33.966, 33.75, 33.714, 35.028, 36.486, 33.12, 35.442, 33.552, 34.614, 37.188, 40.428], "2020-11-02": [38.934, 34.326, 33.606, 32.886, 32.67, 33.894, 34.938, 36.774, 39.546, 39.024, 38.43, 38.826, 39.906, 39.654, 40.086, 40.716, 38.592, 39.186, 39.798, 40.104, 40.392, 42.66, 39.978, 41.76, 39.294, 40.554, 41.238, 35.352, 35.748, 42.228, 38.07, 46.89, 46.296, 47.232, 51.444, 51.318, 52.002, 58.734, 58.842, 59.166, 60.3, 61.434, 60.606, 59.364, 59.688, 60.174, 58.824, 61.704, 63.612, 61.182, 61.344, 61.02, 60.48, 59.886, 58.536, 61.362, 59.994, 59.544, 57.69, 59.292, 58.266, 63.486, 58.554, 54.054, 57.168, 56.592, 53.946, 53.568, 51.066, 50.742, 51.75, 50.058, 50.292, 45.954, 43.344, 43.056, 42.966, 42.372, 40.59, 40.572, 41.436, 39.258, 40.176, 39.078, 38.448, 39.06, 38.538, 39.294, 37.908, 37.8, 35.424, 37.458, 34.956, 35.64, 38.556, 35.172], "2020-11-03": [35.586, 35.748, 33.984, 36.09, 37.53, 37.602, 37.584, 39.708, 39.168, 39.888, 39.096, 39.186, 39.78, 38.988, 38.304, 40.356, 39.276, 40.464, 40.194, 37.818, 39.186, 39.708, 41.13, 43.038, 41.742, 40.752, 40.248, 39.762, 38.322, 46.296, 37.764, 44.01, 44.604, 42.318, 45.036, 48.276, 47.232, 46.242, 48.654, 47.448, 51.228, 49.896, 51.048, 56.808, 54.468, 50.364, 55.674, 53.244, 57.024, 58.554, 55.872, 57.492, 59.112, 57.33, 57.33, 54.666, 57.978, 56.286, 55.314, 56.268, 57.33, 57.996, 56.52, 57.816, 52.434, 51.66, 51.516, 50.328, 50.04, 49.122, 48.87, 50.022, 47.736, 43.254, 42.444, 40.428, 40.662, 42.714, 39.6, 40.356, 39.564, 40.752, 38.844, 41.652, 40.464, 41.724, 38.34, 37.26, 37.998, 36.972, 39.348, 37.728, 38.628, 39.33, 37.26, 36.684], "2020-11-04": [35.01, 34.884, 35.874, 35.874, 39.042, 41.364, 38.862, 39.24, 39.402, 39.798, 37.962, 37.332, 38.952, 34.182, 31.662, 31.752, 35.676, 38.484, 39.114, 40.14, 38.97, 39.834, 34.794, 32.4, 33.984, 38.988, 39.942, 40.806, 39.87, 43.83, 38.322, 43.002, 43.272, 45.108, 42.732, 46.854, 49.86, 51.444, 54.414, 53.73, 55.98, 58.356, 55.386, 54.846, 57.69, 57.33, 57.402, 56.934, 57.024, 58.752, 59.886, 61.11, 56.628, 56.34, 55.8, 57.87, 58.842, 59.292, 55.476, 55.89, 57.384, 54.0, 54.234, 56.826, 54.306, 53.712, 53.55, 48.06, 48.312, 46.548, 47.682, 48.366, 46.278, 40.968, 42.75, 39.726, 40.896, 41.472, 41.76, 41.508, 39.816, 39.888, 40.806, 38.394, 42.786, 39.942, 36.702, 39.582, 37.548, 34.92, 37.134, 38.088, 35.928, 38.52, 37.53, 33.444], "2020-11-05": [35.154, null, null, null, null, null, null, null, null, null, null, null, null, null, null, null, null, null, null, null, null, null, null, null, null, null, null, null, null, null, null, null, null, null, null, null, null, null, null, null, null, null, null, null, null, null, null, null, null, null, null, null, null, null, null, null, null, null, null, null, null, null, null, null, null, null, null, null, null, null, null, null, null, null, null, null, null, null, null, null, null, null, null, null, null, null, null, null, null, null, null, null, null, null, null, null], "2020-11-06": [null, null, null, null, null, null, null, null, null, null, null, null, null, null, null, null, null, null, null, null, null, null, null, null, null, null, null, null, null, null, null, null, null, null, null, null, null, null, null, null, null, null, null, null, null, null, null, null, null, null, null, null, null, null, null, null, null, null, null, null, null, null, null, null, null, null, null, null, null, null, null, null, null, null, null, null, null, null, null, null, null, null, null, null, null, null, null, null, null, null, null, null, null, null, null, null]}