{"2020-11-01": [487.68, 481.92, 480.0, 485.76, 484.8, 480.0, 479.04, 481.92, 478.08, 497.28, 476.16, 468.48, 470.4, 485.76, 537.6, 474.24, 466.56, 506.88, 466.56, 466.56, 518.4, 524.16, 529.92, 522.24, 524.16, 529.92, 529.92, 528.0, 529.92, 531.84, 533.76, 537.6, 547.2, 554.88, 558.72, 566.4, 566.4, 576.0, 572.16, 574.08, 576.0, 576.0, 579.84, 581.76, 583.68, 587.52, 595.2, 591.36, 597.12, 600.96, 602.88, 641.28, 725.76, 748.8, 746.88, 744.96, 752.64, 700.8, 650.88, 673.92, 718.08, 723.84, 727.68, 739.2, 733.44, 733.44, 710.4, 685.44, 664.32, 650.88, 647.04, 647.04, 639.36, 631.68, 627.84, 622.08, 568.32, 503.04, 503.04, 501.12, 504.96, 503.04, 522.24, 474.24, 468.48, 528.0, 529.92, 499.2, 468.48, 468.48, 468.48, 464.64, 518.4, 524.16, 526.08, 518.4]}
