{
    "periods": [
        {
            "end": "2018-02-01",
            "peak_demand": "0",
            "start": "2018-01-01",
            "tariff": null,
            "total_charge": "100.0000",
            "total_usage": "16.0000",
            "line_items": [
                {
                    "ChargeActualName": "test_charge1",
                    "ChargeAmount": "80.0000",
                    "ChargeRatePerUnit": "5.0000",
                    "ChargeUnitsUsed": "16.0000",
                    "IntervalEnd": "2018-02-01",
                    "IntervalStart": "2018-01-01",
                    "IsAdjustmentCharge": false,
                    "PK": 3,
                    "ThirdPartyProvider": "",
                    "UsageUnit": "kWh"
                },
                {
                    "ChargeActualName": "test_charge2",
                    "ChargeAmount": "20.0000",
                    "ChargeRatePerUnit": "0.0000",
                    "ChargeUnitsUsed": "0.0000",
                    "IntervalEnd": "2018-02-01",
                    "IntervalStart": "2018-01-01",
                    "IsAdjustmentCharge": false,
                    "PK": 4,
                    "ThirdPartyProvider": "",
                    "UsageUnit": ""
                }
            ],
            "source_urls": [
                "test_url"
            ]
        }
    ]
}
